Processing freenove_fnk0104 (board: freenove_fnk0104; platform: https://github.com/pioarduino/platform-espressif32/releases/download/55.03.36/platform-espressif32.zip; framework: arduino)
--------------------------------------------------------------------------------
Library Manager: Installing h2zero/NimBLE-Arduino
Library Manager: Installing h2zero/NimBLE-Arduino
Library Manager: Installing h2zero/NimBLE-Arduino
Library Manager: Installing whywilson/ESP-PN532-UART
Verbose mode can be enabled via `-v, --verbose` option
[GZIP & EMBED INTO HEADER] - Nothing to process.
ae56fe5480611f036a40c7264b9e5c94478eab62cadc274a2dcabeed691b9488 ae56fe5480611f036a40c7264b9e5c94478eab62cadc274a2dcabeed691b9488
Patching library conflicts with ESP32 core...
Already patched: .pio/libdeps\freenove_fnk0104\ESP8266SAM\src\render.c
Already patched: .pio/libdeps\m5stack-cardputer\ESP8266SAM\src\render.c
Already patched: .pio/libdeps\freenove_fnk0104\ESP8266SAM\src\render.c
Already patched: .pio/libdeps\m5stack-cardputer\ESP8266SAM\src\render.c
Already patched: .pio/libdeps\freenove_fnk0104\JPEGDecoder\src\picojpeg.c
Already patched: .pio/libdeps\m5stack-cardputer\JPEGDecoder\src\picojpeg.c
Already patched: .pio/libdeps\freenove_fnk0104\JPEGDecoder\src\picojpeg.c
Already patched: .pio/libdeps\m5stack-cardputer\JPEGDecoder\src\picojpeg.c
Already patched: .pio/libdeps\freenove_fnk0104\ESP Amiibolink\src\amiibolink.h
Already patched: .pio/libdeps\m5stack-cardputer\ESP Amiibolink\src\amiibolink.h
Already patched: .pio/libdeps\freenove_fnk0104\ESP Chameleon Ultra\src\chameleonUltra.h
Already patched: .pio/libdeps\m5stack-cardputer\ESP Chameleon Ultra\src\chameleonUltra.h
Already patched: .pio/libdeps\freenove_fnk0104\ESP PN32BLE\src\pn532_ble.h
Already patched: .pio/libdeps\m5stack-cardputer\ESP PN32BLE\src\pn532_ble.h
CONFIGURATION: https://docs.platformio.org/page/boards/espressif32/freenove_fnk0104.html
PLATFORM: Espressif 32 (55.3.36) > Freenove FNK0104
HARDWARE: ESP32S3 240MHz, 320KB RAM, 16MB Flash
DEBUG: Current (cmsis-dap) External (cmsis-dap, esp-bridge, esp-builtin, esp-prog, iot-bus-jtag, jlink, minimodule, olimex-arm-usb-ocd, olimex-arm-usb-ocd-h, olimex-arm-usb-tiny-h, olimex-jtag-tiny, tumpa)
PACKAGES: 
 - contrib-piohome @ 3.4.4 
 - framework-arduinoespressif32 @ 3.3.6 
 - framework-arduinoespressif32-libs @ 5.5.0+sha.30aaf64524 
 - tool-esp-rom-elfs @ 2024.10.11 
 - tool-esptoolpy @ 5.1.0 
 - toolchain-xtensa-esp-elf @ 14.2.0+20251107
[ComponentManager] BT/BLE protection enabled
[ComponentManager] Processed 1 ignored libraries
[ComponentManager] Session completed with 2 changes
*** Applied include path shortening for 331 framework paths ***
*** Path length reduced from 39167 to ~13773 characters ***
*** Estimated savings: 24825 characters ***
LDF: Library Dependency Finder -> https://bit.ly/configure-pio-ldf
LDF Modes: Finder ~ chain, Compatibility ~ soft
Found 87 compatible libraries
Scanning dependencies...
Dependency Graph
|-- WireGuard-ESP32 @ 0.1.5+sha.4e22d2e
|-- IRremoteESP8266 @ 2.8.6+sha.22cd38c
|-- Time @ 1.6.1
|-- LibSSH-ESP32 @ 5.8.0
|-- Adafruit BusIO @ 1.17.2-bruce.1+sha.27230c1
|-- Adafruit PN532 @ 1.3.3-bruce.1+sha.e91d695
|-- BER-TLV @ 0.0.0+20260704141844.sha.bd61b70
|-- RFID_MFRC522v2 @ 2.0.6+sha.a6977df
|-- ESP Amiibolink @ 0.0.2+sha.fc26412
|-- SimpleCLI @ 1.1.4+sha.b23d377
|-- ESP PN32BLE @ 0.0.2+sha.542f121
|-- ESP PN532 UART @ 0.0.2+sha.879e586
|-- ESP PN532Killer @ 0.0.7+sha.71bf110
|-- NTPClient @ 3.2.1
|-- ESP32Time @ 2.0.6
|-- FFat @ 3.3.6
|-- ArduinoJson @ 7.4.3
|-- rc-switch @ 2.6.4+sha.2c43b93
|-- ESP8266Audio @ 2.4.1
|-- ESP8266SAM @ 1.1.0
|-- TinyGPSPlus @ 1.1.0
|-- FFT @ 0.0.1
|-- NimBLE-Arduino @ 2.5.0
|-- RF24 @ 1.4.11
|-- Adafruit Si4713 Library @ 1.2.3
|-- JPEGDecoder @ 2.0.0
|-- SmartRC-CC1101-Driver-Lib @ 2.5.7+sha.7bba521
|-- mquickjs @ 0.0.6+sha.169b5ea
|-- OneWire @ 2.3.8+sha.42e045e
|-- ESP32-PSRamFS @ 1.0.6+sha.5ace2e6
|-- AnimatedGIF @ 2.2.3
|-- PNGdec @ 1.1.6
|-- ESPAsyncWebServer @ 3.11.2
|-- FastLED @ 3.10.3
|-- RadioLib @ 7.7.1
|-- Wire @ 3.3.6
|-- WiFi @ 3.3.6
|-- BruceHAL @ 7.3.1
|-- HTTPClient @ 3.3.6
|-- LittleFS @ 3.3.6
|-- Ethernet @ 3.3.6
|-- Networking @ 3.3.6
|-- SPI @ 3.3.6
|-- FS @ 3.3.6
|-- Bad_Usb_Lib
|-- TFT_eSPI QRcode @ 1.0.0
|-- Preferences @ 3.3.6
|-- DNSServer @ 3.3.6
|-- WebServer @ 3.3.6
|-- RTC
|-- utility
|-- AsyncTCP @ 3.4.10
|-- ESPmDNS @ 3.3.6
|-- PN532_SRIX
|-- NetworkClientSecure @ 3.3.6
|-- SPIFFS @ 3.3.6
Building in release mode
Compiling .pio\build\freenove_fnk0104\src\core\menu_items\RFIDMenu.cpp.o
Compiling .pio\build\freenove_fnk0104\src\modules\rfid\chameleon.cpp.o
python.exe : In file included from src/modules/rfid/chameleon.cpp:9:
At line:1 char:64
+ ... \firmware'; & 'C:\Users\robol\.platformio\penv\Scripts\python.exe' -m ...
+                 ~~~~~~~~~~~~~~~~~~~~~~~~~~~~~~~~~~~~~~~~~~~~~~~~~~~~~~~~~
    + CategoryInfo          : NotSpecified: (In file include...hameleon.cpp:9: 
   :String) [], RemoteException
    + FullyQualifiedErrorId : NativeCommandError
 
src/modules/rfid/chameleon.h:11:10: fatal error: chameleonUltra.h: No such 
file or directory

************************************************************************
* Looking for chameleonUltra.h dependency? Check our library registry!
*
* CLI  > platformio lib search "header:chameleonUltra.h"
* Web  > https://registry.platformio.org/search?q=header:chameleonUltra.h
*
************************************************************************

   11 | #include <chameleonUltra.h>
      |          ^~~~~~~~~~~~~~~~~~
compilation terminated.
*** [.pio\build\freenove_fnk0104\src\modules\rfid\chameleon.cpp.o] Error 1
Retrieved `.pio\build\freenove_fnk0104\src\modules\wifi\clients.cpp.o' from cache
In file included from src/core/menu_items/RFIDMenu.cpp:7:
src/modules/rfid/chameleon.h:11:10: fatal error: chameleonUltra.h: No such 
file or directory

************************************************************************
* Looking for chameleonUltra.h dependency? Check our library registry!
*
* CLI  > platformio lib search "header:chameleonUltra.h"
* Web  > https://registry.platformio.org/search?q=header:chameleonUltra.h
*
************************************************************************

   11 | #include <chameleonUltra.h>
      |          ^~~~~~~~~~~~~~~~~~
compilation terminated.
*** [.pio\build\freenove_fnk0104\src\core\menu_items\RFIDMenu.cpp.o] Error 1
========================= [FAILED] Took 82.96 seconds =========================

Environment       Status    Duration
----------------  --------  ------------
freenove_fnk0104  FAILED    00:01:22.957
==================== 1 failed, 0 succeeded in 00:01:22.957 ====================
